Black wins!
A1A11B2M1C3S1D4R1E5
Thank you for playing!