Black wins!
A5S1B4R3C3R1D2C1E1
Thank you for playing!
