Black wins!
A1B11E1B18B1E5C1D8D1
Thank you for playing!
