Black wins!
A1B10B1C2C1C4D1D19E1
Thank you for playing!
