Wow, a tie!
A1B1A2B2A3B3C1D1C2D2C3D3E1F1E2F2E3F3G1H1G2H2G3H3I1J1I2J2I3J3K1L1K2L2K3L3M1N1M2N2M3N3O1P1O2P2O3P3Q1R1Q2R2Q3R3B4A4B5A5B6A6B7A7D4C4D5C5D6C6D7C7F4E4F5E5F6E6F7E7H4G4H5G5H6G6H7G7J4I4J5I5J6I6J7I7L4K4L5K5L6K6L7K7N4M4N5M5N6M6N7M7P4O4P5O5P6O6P7O7R4Q4R5Q5R6Q6R7Q7A8B8A9B9A10B10A11B11C8D8C9D9C10D10C11D11E8F8E9F9E10F10E11F11G8H8G9H9G10H10G11H11I8J8I9J9I10J10I11J11K8L8K9L9K10L10K11L11M8N8M9N9M10N10M11N11O8P8O9P9O10P10O11P11Q8R8Q9R9Q10R10Q11R11B12A12B13A13B14A14B15A15D12C12D13C13D14C14D15C15F12E12F13E13F14E14F15E15H12G12H13G13H14G14H15G15J12I12J13I13J14I14J15I15L12K12L13K13L14K14L15K15N12M12N13M13N14M14N15M15P12O12P13O13P14O14P15O15R12Q12R13Q13R14Q14R15Q15A16B16A17B17A18B18A19B19C16D16C17D17C18D18C19D19E16F16E17F17E18F18E19F19G16H16G17H17G18H18G19H19I16J16I17J17I18J18I19J19K16L16K17L17K18L18K19L19M16N16M17N17M18N18M19N19O16P16O17P17O18P18O19P19Q16R16Q17R17Q18R18Q19R19S19S15S18S14S17S13S16S12S11S7S10S6S9S5S8S4S3S2S1
Thank you for playing!