Black wins!
A1P1A2S1A3H1A4H2A5
Thank you for playing!