Black wins!
A1B1A5B2A2S1A4S2A3
Thank you for playing!
