J10,.................................................
B3,xx.....xx.....xx.....xx.....xx.....xx...#.xxxxxxx
M16,.................................................
E17,xxxxxxx..........................................
Black wins!
D1A19S2
Thank you for playing!
